Archive member included to satisfy reference by file (symbol)

build/objfw/libusb.a(usbd_core.o)
                              build/objfw/bootloader.o (symbol from plugin) (usbd_poll)
build/objfw/libusb.a(usbd_stm32f429_otgfs.o)
                              build/objfw/bootloader.o (symbol from plugin) (usbd_otgfs)

Discarded input sections

 .text          0x0000000000000000        0x0 /tmp/ccGk66uG.ltrans0.ltrans.o
 .data          0x0000000000000000        0x0 /tmp/ccGk66uG.ltrans0.ltrans.o
 .bss           0x0000000000000000        0x0 /tmp/ccGk66uG.ltrans0.ltrans.o
 .bss           0x0000000000000000        0x0 build/objfw/stm32f4xx.o
 .text          0x0000000000000000       0xd0 build/objfw/rc5a.o
 .data          0x0000000000000000        0x0 build/objfw/rc5a.o
 .bss           0x0000000000000000       0x68 build/objfw/rc5a.o
 .ARM.attributes
                0x0000000000000000       0x22 build/objfw/rc5a.o
 .text          0x0000000000000000      0x134 build/objfw/chacha_a.o
 .data          0x0000000000000000        0x0 build/objfw/chacha_a.o
 .bss           0x0000000000000000       0x84 build/objfw/chacha_a.o
 .ARM.attributes
                0x0000000000000000       0x22 build/objfw/chacha_a.o
 .text          0x0000000000000000        0x0 build/objfw/rc6a.o
 .data          0x0000000000000000        0x0 build/objfw/rc6a.o
 .bss           0x0000000000000000       0xb0 build/objfw/rc6a.o
 .text.rc6a_init
                0x0000000000000000       0x68 build/objfw/rc6a.o
 .text.rc6a_encrypt
                0x0000000000000000       0x54 build/objfw/rc6a.o
 .text.rc6a_decrypt
                0x0000000000000000       0x54 build/objfw/rc6a.o
 .ARM.attributes
                0x0000000000000000       0x22 build/objfw/rc6a.o

Memory Configuration

Name             Origin             Length             Attributes
ROM              0x0000000008000000 0x0000000000080000 xr
RAM              0x0000000020000000 0x0000000000020000 xrw
*default*        0x0000000000000000 0xffffffffffffffff

Linker script and memory map


.text           0x0000000008000000     0x107c
 *(.isr_vector)
 .isr_vector    0x0000000008000000       0x40 build/objfw/stm32f4xx.o
                0x0000000008000000                __isr_vector
 *(.rodata.usbd_devfs)
 *(.rodata.usbd_devfs_asm)
 *(.rodata.usbd_otgfs)
 .rodata.usbd_otgfs
                0x0000000008000040       0x34 /tmp/ccGk66uG.ltrans0.ltrans.o
                0x0000000008000040                usbd_otgfs
 *(.rodata_usbd_otghs)
 *(.text.usbd_poll)
 .text.usbd_poll
                0x0000000008000074        0xc /tmp/ccGk66uG.ltrans0.ltrans.o
                0x0000000008000074                usbd_poll
 *(.text*)
 .text.dfu_get_descriptor
                0x0000000008000080       0x48 /tmp/ccGk66uG.ltrans0.ltrans.o
 .text.dfu_set_idle
                0x00000000080000c8       0x2c /tmp/ccGk66uG.ltrans0.ltrans.o
 .text.dfu_control
                0x00000000080000f4      0x188 /tmp/ccGk66uG.ltrans0.ltrans.o
 .text.dfu_config
                0x000000000800027c       0x18 /tmp/ccGk66uG.ltrans0.ltrans.o
 .text.set_led.part.0
                0x0000000008000294       0x30 /tmp/ccGk66uG.ltrans0.ltrans.o
 .text.set_led  0x00000000080002c4       0x2c /tmp/ccGk66uG.ltrans0.ltrans.o
 .text.usbd_set_address
                0x00000000080002f0       0x1e /tmp/ccGk66uG.ltrans0.ltrans.o
 .text.usbd_process_callback
                0x000000000800030e       0x12 /tmp/ccGk66uG.ltrans0.ltrans.o
 .text.usbd_stall_pid
                0x0000000008000320       0x26 /tmp/ccGk66uG.ltrans0.ltrans.o
 .text.usbd_process_eptx
                0x0000000008000346       0x78 /tmp/ccGk66uG.ltrans0.ltrans.o
 *fill*         0x00000000080003be        0x2 
 .text.usbd_process_ep0
                0x00000000080003c0      0x224 /tmp/ccGk66uG.ltrans0.ltrans.o
 .text.usbd_process_evt
                0x00000000080005e4       0x64 /tmp/ccGk66uG.ltrans0.ltrans.o
 .text.Flush_TX
                0x0000000008000648       0x20 /tmp/ccGk66uG.ltrans0.ltrans.o
 .text.getinfo  0x0000000008000668       0x24 /tmp/ccGk66uG.ltrans0.ltrans.o
 .text.ep_setstall
                0x000000000800068c       0x50 /tmp/ccGk66uG.ltrans0.ltrans.o
 .text.ep_isstalled
                0x00000000080006dc       0x24 /tmp/ccGk66uG.ltrans0.ltrans.o
 .text.enable   0x0000000008000700       0xa0 /tmp/ccGk66uG.ltrans0.ltrans.o
 .text.connect  0x00000000080007a0       0x38 /tmp/ccGk66uG.ltrans0.ltrans.o
 .text.setaddr  0x00000000080007d8       0x14 /tmp/ccGk66uG.ltrans0.ltrans.o
 .text.set_tx_fifo
                0x00000000080007ec       0x5e /tmp/ccGk66uG.ltrans0.ltrans.o
 *fill*         0x000000000800084a        0x2 
 .text.ep_config
                0x000000000800084c       0xf0 /tmp/ccGk66uG.ltrans0.ltrans.o
 .text.ep_deconfig
                0x000000000800093c       0xa0 /tmp/ccGk66uG.ltrans0.ltrans.o
 .text.ep_read  0x00000000080009dc       0x54 /tmp/ccGk66uG.ltrans0.ltrans.o
 .text.ep_write
                0x0000000008000a30       0x80 /tmp/ccGk66uG.ltrans0.ltrans.o
 .text.get_frame
                0x0000000008000ab0       0x10 /tmp/ccGk66uG.ltrans0.ltrans.o
 .text.evt_poll
                0x0000000008000ac0      0x104 /tmp/ccGk66uG.ltrans0.ltrans.o
 .text.get_serialno_desc
                0x0000000008000bc4       0x90 /tmp/ccGk66uG.ltrans0.ltrans.o
 .text.dfu_reset
                0x0000000008000c54        0x4 /tmp/ccGk66uG.ltrans0.ltrans.o
 .text.rtcmagic_to_dfubootkey
                0x0000000008000c58       0x70 /tmp/ccGk66uG.ltrans0.ltrans.o
                0x0000000008000c58                rtcmagic_to_dfubootkey
 .text.have_valid_user_app
                0x0000000008000cc8       0x24 /tmp/ccGk66uG.ltrans0.ltrans.o
                0x0000000008000cc8                have_valid_user_app
 .text.startup.main
                0x0000000008000cec      0x16c /tmp/ccGk66uG.ltrans0.ltrans.o
                0x0000000008000cec                main
 .text          0x0000000008000e58      0x164 build/objfw/stm32f4xx.o
                0x0000000008000e58                Reset_Handler
                0x0000000008000efc                System_try_Reboot_into_Application
                0x0000000008000f06                System_Reset
                0x0000000008000f12                System_Reboot_into_Bootloader
                0x0000000008000f76                DebugMon_Handler
                0x0000000008000f76                HardFault_Handler
                0x0000000008000f76                SysTick_Handler
                0x0000000008000f76                PendSV_Handler
                0x0000000008000f76                NMI_Handler
                0x0000000008000f76                UsageFault_Handler
                0x0000000008000f76                MemManage_Handler
                0x0000000008000f76                SVC_Handler
                0x0000000008000f76                BusFault_Handler
 *(.rodata*)
 .rodata.dfu_flash_sdesc
                0x0000000008000fbc       0x20 /tmp/ccGk66uG.ltrans0.ltrans.o
 .rodata.dfu_config_sdesc
                0x0000000008000fdc        0xa /tmp/ccGk66uG.ltrans0.ltrans.o
 .rodata.dfu_product_sdesc
                0x0000000008000fe6       0x26 /tmp/ccGk66uG.ltrans0.ltrans.o
 .rodata.dfu_manuf_sdesc
                0x000000000800100c       0x28 /tmp/ccGk66uG.ltrans0.ltrans.o
 .rodata.dfu_lang_sdesc
                0x0000000008001034        0x4 /tmp/ccGk66uG.ltrans0.ltrans.o
 .rodata.dfu_config_desc
                0x0000000008001038       0x1b /tmp/ccGk66uG.ltrans0.ltrans.o
 .rodata.dfu_device_desc
                0x0000000008001053       0x12 /tmp/ccGk66uG.ltrans0.ltrans.o
 *fill*         0x0000000008001065        0x3 
 .rodata.dtable
                0x0000000008001068       0x14 /tmp/ccGk66uG.ltrans0.ltrans.o

.glue_7         0x000000000800107c        0x0
 .glue_7        0x000000000800107c        0x0 linker stubs

.glue_7t        0x000000000800107c        0x0
 .glue_7t       0x000000000800107c        0x0 linker stubs

.vfp11_veneer   0x000000000800107c        0x0
 .vfp11_veneer  0x000000000800107c        0x0 linker stubs

.v4_bx          0x000000000800107c        0x0
 .v4_bx         0x000000000800107c        0x0 linker stubs

.iplt           0x000000000800107c        0x0
 .iplt          0x000000000800107c        0x0 build/objfw/stm32f4xx.o

.rel.dyn        0x000000000800107c        0x0
 .rel.iplt      0x000000000800107c        0x0 build/objfw/stm32f4xx.o
                0x000000000800107c                . = ALIGN (0x4)
                0x000000000800107c                __etext = .
                0x00000000080011dc                . = (. + SIZEOF (.data))
                0x0000000008004000                __app_start = ALIGN (0x4000)

.data           0x0000000020000000      0x160 load address 0x000000000800107c
                0x0000000020000000                . = ALIGN (0x4)
                0x0000000020000000                __data_start__ = .
 *(.data*)
 .data          0x0000000020000000      0x160 build/objfw/stm32f4xx.o
                0x0000000020000000                program_flash
                0x0000000020000160                . = ALIGN (0x4)
                0x0000000020000160                __data_end__ = .

.igot.plt       0x0000000020000160        0x0 load address 0x00000000080011dc
 .igot.plt      0x0000000020000160        0x0 build/objfw/stm32f4xx.o

.bss            0x0000000020000160      0x880 load address 0x00000000080011dc
                0x0000000020000160                . = ALIGN (0x4)
                0x0000000020000160                __bss_start__ = .
 *(.bss*)
 .bss.dfu_buffer
                0x0000000020000160      0x808 /tmp/ccGk66uG.ltrans0.ltrans.o
 .bss.dfu       0x0000000020000968       0x64 /tmp/ccGk66uG.ltrans0.ltrans.o
 .bss.dfu_timeout
                0x00000000200009cc        0x4 /tmp/ccGk66uG.ltrans0.ltrans.o
                0x00000000200009cc                dfu_timeout
 .bss.dfu_data  0x00000000200009d0       0x10 /tmp/ccGk66uG.ltrans0.ltrans.o
 *(COMMON)
                0x00000000200009e0                . = ALIGN (0x4)
                0x00000000200009e0                __bss_end__ = .
                0x0000000008080000                PROVIDE (__romend = (ORIGIN (ROM) + LENGTH (ROM)))
                0x000000002001fffc                PROVIDE (__stack = ((ORIGIN (RAM) + LENGTH (RAM)) - 0x4))
LOAD build/objfw/arc4.o
LOAD /tmp/ccGk66uG.ltrans0.ltrans.o
LOAD build/objfw/chacha.o
LOAD build/objfw/gost.o
LOAD build/objfw/raiden.o
LOAD build/objfw/rc5.o
LOAD build/objfw/speck.o
LOAD build/objfw/xtea.o
LOAD build/objfw/xtea1.o
LOAD build/objfw/blowfish.o
LOAD build/objfw/rtea.o
LOAD build/objfw/rc6.o
LOAD build/objfw/rijndael.o
LOAD build/objfw/magma.o
LOAD build/objfw/checksum.o
LOAD build/objfw/crypto.o
LOAD build/objfw/stm32f4xx.o
LOAD build/objfw/descriptors.o
LOAD build/objfw/bootloader.o
LOAD build/objfw/rc5a.o
LOAD build/objfw/chacha_a.o
LOAD build/objfw/rc6a.o
LOAD build/objfw/libusb.a
START GROUP
LOAD /usr/lib/gcc/arm-none-eabi/12.2.0/thumb/v7e-m/nofp/libgcc.a
LOAD /usr/lib/gcc/arm-none-eabi/12.2.0/../../../../arm-none-eabi/lib/thumb/v7e-m/nofp/libc_nano.a
END GROUP
START GROUP
LOAD /usr/lib/gcc/arm-none-eabi/12.2.0/thumb/v7e-m/nofp/libgcc.a
LOAD /usr/lib/gcc/arm-none-eabi/12.2.0/../../../../arm-none-eabi/lib/thumb/v7e-m/nofp/libc_nano.a
END GROUP
OUTPUT(build/firmware.elf elf32-littlearm)
LOAD linker stubs

.comment        0x0000000000000000       0x1e
 .comment       0x0000000000000000       0x1e /tmp/ccGk66uG.ltrans0.ltrans.o
                                         0x1f (size before relaxing)

.ARM.attributes
                0x0000000000000000       0x2a
 .ARM.attributes
                0x0000000000000000       0x2c /tmp/ccGk66uG.ltrans0.ltrans.o
 .ARM.attributes
                0x000000000000002c       0x21 build/objfw/stm32f4xx.o
